// Jest Snapshot v1, https://goo.gl/fbAQLP

exports[`matches snapshot 1`] = `
<DocumentFragment>
  <form>
    <label
      for="task"
    >
      My Tasks:
    </label>
    <input
      id="task"
      name="task"
      placeholder="TO-DO"
      type="text"
      value=""
    />
    <button
      class="addTaskBtn"
    >
      Add a new tasks!
    </button>
  </form>
</DocumentFragment>
`;
