// Jest Snapshot v1, https://goo.gl/fbAQLP

exports[`matches snapshot 1`] = `
<DocumentFragment>
  <div
    class="eachBox"
  >
    <div
      style="width: 50px; height: 50px;"
    />
    <button>
      X
    </button>
  </div>
</DocumentFragment>
`;
